2026-07-23T10:49:24+0200 [INFO ] ========================================================================================================================
2026-07-23T10:49:24+0200 [INFO ] Starting Nirs4all run(s) with 1 pipeline(s) on 1 dataset(s) (1 total runs).
2026-07-23T10:49:24+0200 [INFO ] ========================================================================================================================
2026-07-23T10:49:24+0200 [INFO ] Run 1/1: pipeline 'config_46d58b39' on dataset 'dataset'
2026-07-23T10:49:24+0200 [INFO ] [Dataset] dataset (regression)
Features (samples=160, sources=1):
- Source 0: (160, 1, 2151), processings=['raw'], min=0.007, max=0.895, mean=0.255, var=0.038
Targets: (samples=160, targets=1, processings=['numeric'])
- numeric: min=31.5, max=59.7, mean=42.668
Indexes:
- partition - "train", processings - ['raw'], excluded - False: 160 samples
2026-07-23T10:49:24+0200 [INFO ] Starting pipeline config_46d58b39 on dataset dataset
2026-07-23T10:49:24+0200 [WARNING] ReducerTransformer: shape (160, 2151) -> (160, 451)
2026-07-23T10:49:24+0200 [WARNING] WARNING: Using test set as validation set (no folds provided)
2026-07-23T10:49:24+0200 [INFO ] Interceptor rmse ↓ - [838f2e56-dda2-45]
2026-07-23T10:49:26+0200 [INFO ] ================================================================================
2026-07-23T10:49:26+0200 [INFO ] REFIT MODE: Single criterion
2026-07-23T10:49:26+0200 [INFO ] Criteria: 1 criterion/criteria
2026-07-23T10:49:26+0200 [INFO ] ================================================================================
2026-07-23T10:49:26+0200 [INFO ] No cross-validation detected. The trained model is already the final model. Skipping refit.
2026-07-23T10:49:27+0200 [INFO ] Preparing to print results for dataset 'dataset': 2 predictions
2026-07-23T10:49:27+0200 [INFO ] ========================================================================================================================
