2026-07-22T17:35:50+0200 [INFO ] ========================================================================================================================
2026-07-22T17:35:50+0200 [INFO ] Starting Nirs4all run(s) with 1 pipeline(s) on 1 dataset(s) (1 total runs).
2026-07-22T17:35:50+0200 [INFO ] ========================================================================================================================
2026-07-22T17:35:50+0200 [INFO ] Run 1/1: pipeline 'config_5eb45365' on dataset 'dataset'
2026-07-22T17:35:50+0200 [INFO ] [Dataset] dataset (regression)
Features (samples=164, sources=1):
- Source 0: (164, 1, 2151), processings=['raw'], min=0.004, max=0.991, mean=0.606, var=0.097
Targets: (samples=164, targets=1, processings=['numeric'])
- numeric: min=-0.0, max=54.967, mean=9.287
Indexes:
- partition - "train", processings - ['raw'], excluded - False: 164 samples
2026-07-22T17:35:50+0200 [INFO ] Starting pipeline config_5eb45365 on dataset dataset
2026-07-22T17:35:51+0200 [WARNING] WARNING: Using test set as validation set (no folds provided)
2026-07-22T17:35:51+0200 [INFO ] Interceptor rmse ↓ - [ee0a0516-85dd-41]
2026-07-22T17:35:52+0200 [INFO ] ================================================================================
2026-07-22T17:35:52+0200 [INFO ] REFIT MODE: Single criterion
2026-07-22T17:35:52+0200 [INFO ] Criteria: 1 criterion/criteria
2026-07-22T17:35:52+0200 [INFO ] ================================================================================
2026-07-22T17:35:53+0200 [INFO ] No cross-validation detected. The trained model is already the final model. Skipping refit.
2026-07-22T17:35:53+0200 [INFO ] Preparing to print results for dataset 'dataset': 2 predictions
2026-07-22T17:35:53+0200 [INFO ] ========================================================================================================================
