2026-07-23T10:50:08+0200 [INFO ] ========================================================================================================================
2026-07-23T10:50:08+0200 [INFO ] Starting Nirs4all run(s) with 1 pipeline(s) on 1 dataset(s) (1 total runs).
2026-07-23T10:50:08+0200 [INFO ] ========================================================================================================================
2026-07-23T10:50:08+0200 [INFO ] Run 1/1: pipeline 'config_c4580280' on dataset 'dataset'
2026-07-23T10:50:08+0200 [INFO ] [Dataset] dataset (regression)
Features (samples=145, sources=1):
- Source 0: (145, 1, 2151), processings=['raw'], min=0.007, max=0.895, mean=0.259, var=0.039
Targets: (samples=145, targets=1, processings=['numeric'])
- numeric: min=53.951, max=89.787, mean=81.066
Indexes:
- partition - "train", processings - ['raw'], excluded - False: 145 samples
2026-07-23T10:50:08+0200 [INFO ] Starting pipeline config_c4580280 on dataset dataset
2026-07-23T10:50:09+0200 [WARNING] ReducerTransformer: shape (145, 2151) -> (145, 451)
2026-07-23T10:50:09+0200 [WARNING] WARNING: Using test set as validation set (no folds provided)
2026-07-23T10:50:09+0200 [INFO ] Interceptor rmse ↓ - [41c01e7e-5b97-4e]
2026-07-23T10:50:09+0200 [INFO ] ================================================================================
2026-07-23T10:50:09+0200 [INFO ] REFIT MODE: Single criterion
2026-07-23T10:50:09+0200 [INFO ] Criteria: 1 criterion/criteria
2026-07-23T10:50:09+0200 [INFO ] ================================================================================
2026-07-23T10:50:09+0200 [INFO ] No cross-validation detected. The trained model is already the final model. Skipping refit.
2026-07-23T10:50:09+0200 [INFO ] Preparing to print results for dataset 'dataset': 2 predictions
2026-07-23T10:50:09+0200 [INFO ] ========================================================================================================================
