2026-07-22T17:37:00+0200 [INFO ] ========================================================================================================================
2026-07-22T17:37:00+0200 [INFO ] Starting Nirs4all run(s) with 1 pipeline(s) on 1 dataset(s) (1 total runs).
2026-07-22T17:37:00+0200 [INFO ] ========================================================================================================================
2026-07-22T17:37:00+0200 [INFO ] Run 1/1: pipeline 'config_c4580280' on dataset 'dataset'
2026-07-22T17:37:00+0200 [INFO ] [Dataset] dataset (regression)
Features (samples=163, sources=1):
- Source 0: (163, 1, 2151), processings=['raw'], min=0.004, max=0.991, mean=0.606, var=0.097
Targets: (samples=163, targets=1, processings=['numeric'])
- numeric: min=36.932, max=52.276, mean=42.988
Indexes:
- partition - "train", processings - ['raw'], excluded - False: 163 samples
2026-07-22T17:37:00+0200 [INFO ] Starting pipeline config_c4580280 on dataset dataset
2026-07-22T17:37:00+0200 [WARNING] ReducerTransformer: shape (163, 2151) -> (163, 451)
2026-07-22T17:37:00+0200 [WARNING] WARNING: Using test set as validation set (no folds provided)
2026-07-22T17:37:00+0200 [INFO ] Interceptor rmse ↓ - [2e49af67-68af-44]
2026-07-22T17:37:02+0200 [INFO ] ================================================================================
2026-07-22T17:37:02+0200 [INFO ] REFIT MODE: Single criterion
2026-07-22T17:37:02+0200 [INFO ] Criteria: 1 criterion/criteria
2026-07-22T17:37:02+0200 [INFO ] ================================================================================
2026-07-22T17:37:02+0200 [INFO ] No cross-validation detected. The trained model is already the final model. Skipping refit.
2026-07-22T17:37:03+0200 [INFO ] Preparing to print results for dataset 'dataset': 2 predictions
2026-07-22T17:37:03+0200 [INFO ] ========================================================================================================================
