2026-07-23T10:53:03+0200 [INFO ] ========================================================================================================================
2026-07-23T10:53:03+0200 [INFO ] Starting Nirs4all run(s) with 1 pipeline(s) on 1 dataset(s) (1 total runs).
2026-07-23T10:53:03+0200 [INFO ] ========================================================================================================================
2026-07-23T10:53:03+0200 [INFO ] Run 1/1: pipeline 'config_91e66c0d' on dataset 'dataset'
2026-07-23T10:53:03+0200 [INFO ] [Dataset] dataset (regression)
Features (samples=148, sources=1):
- Source 0: (148, 1, 2151), processings=['raw'], min=0.004, max=0.991, mean=0.605, var=0.096
Targets: (samples=148, targets=1, processings=['numeric'])
- numeric: min=2.269, max=35.917, mean=13.065
Indexes:
- partition - "train", processings - ['raw'], excluded - False: 148 samples
2026-07-23T10:53:03+0200 [INFO ] Starting pipeline config_91e66c0d on dataset dataset
2026-07-23T10:53:03+0200 [WARNING] ReducerTransformer: shape (148, 2151) -> (148, 2131)
2026-07-23T10:53:03+0200 [WARNING] WARNING: Using test set as validation set (no folds provided)
2026-07-23T10:53:03+0200 [INFO ] Interceptor rmse ↓ - [e8fedfba-2bf9-45]
2026-07-23T10:53:03+0200 [INFO ] ================================================================================
2026-07-23T10:53:03+0200 [INFO ] REFIT MODE: Single criterion
2026-07-23T10:53:03+0200 [INFO ] Criteria: 1 criterion/criteria
2026-07-23T10:53:03+0200 [INFO ] ================================================================================
2026-07-23T10:53:03+0200 [INFO ] No cross-validation detected. The trained model is already the final model. Skipping refit.
2026-07-23T10:53:03+0200 [INFO ] Preparing to print results for dataset 'dataset': 2 predictions
2026-07-23T10:53:03+0200 [INFO ] ========================================================================================================================
